---
source: src/atext.rs
expression: foo
---
AText {
    text: "Oh, Hello!",
    style_map: [
        None,
        None,
        None,
        None,
        None,
        None,
        None,
        None,
        None,
        None,
    ],
    styles: [],
}
